// Jest Snapshot v1, https://goo.gl/fbAQLP

exports[`Homepage visibility Snapshot test 1`] = `
<div
  class="container"
>
  <main>
    <h1
      class="title"
    >
      A Middlebury Wordle Project
    </h1>
    <p>
      Enter a 5 letter word in the input box to try to guess the correct word.
    </p>
    <div>
      <div
        id="grid"
      >
        <div
          class="row"
        >
          <div
            class="initBox"
          >
             
             
          </div>
          <div
            class="initBox"
          >
             
             
          </div>
          <div
            class="initBox"
          >
             
             
          </div>
          <div
            class="initBox"
          >
             
             
          </div>
          <div
            class="initBox"
          >
             
             
          </div>
        </div>
        <div
          class="row"
        >
          <div
            class="initBox"
          >
             
             
          </div>
          <div
            class="initBox"
          >
             
             
          </div>
          <div
            class="initBox"
          >
             
             
          </div>
          <div
            class="initBox"
          >
             
             
          </div>
          <div
            class="initBox"
          >
             
             
          </div>
        </div>
        <div
          class="row"
        >
          <div
            class="initBox"
          >
             
             
          </div>
          <div
            class="initBox"
          >
             
             
          </div>
          <div
            class="initBox"
          >
             
             
          </div>
          <div
            class="initBox"
          >
             
             
          </div>
          <div
            class="initBox"
          >
             
             
          </div>
        </div>
        <div
          class="row"
        >
          <div
            class="initBox"
          >
             
             
          </div>
          <div
            class="initBox"
          >
             
             
          </div>
          <div
            class="initBox"
          >
             
             
          </div>
          <div
            class="initBox"
          >
             
             
          </div>
          <div
            class="initBox"
          >
             
             
          </div>
        </div>
        <div
          class="row"
        >
          <div
            class="initBox"
          >
             
             
          </div>
          <div
            class="initBox"
          >
             
             
          </div>
          <div
            class="initBox"
          >
             
             
          </div>
          <div
            class="initBox"
          >
             
             
          </div>
          <div
            class="initBox"
          >
             
             
          </div>
        </div>
        <div
          class="row"
        >
          <div
            class="initBox"
          >
             
             
          </div>
          <div
            class="initBox"
          >
             
             
          </div>
          <div
            class="initBox"
          >
             
             
          </div>
          <div
            class="initBox"
          >
             
             
          </div>
          <div
            class="initBox"
          >
             
             
          </div>
        </div>
      </div>
    </div>
    <input
      data-testid="Input"
      maxlength="5"
      placeholder="Guess Here"
      type="text"
    />
    <button
      data-testid="Submit"
      disabled=""
      type="Submit"
    >
      Submit
    </button>
    <p>
      Start a new game by refreshing the page.
    </p>
  </main>
  <div
    class="keyboard"
  >
    <div
      class="keyRow"
    >
      <button
        class="grayKey"
      >
        Q
      </button>
      <button
        class="grayKey"
      >
        W
      </button>
      <button
        class="grayKey"
      >
        E
      </button>
      <button
        class="grayKey"
      >
        R
      </button>
      <button
        class="grayKey"
      >
        T
      </button>
      <button
        class="grayKey"
      >
        Y
      </button>
      <button
        class="grayKey"
      >
        U
      </button>
      <button
        class="grayKey"
      >
        I
      </button>
      <button
        class="grayKey"
      >
        O
      </button>
      <button
        class="grayKey"
      >
        P
      </button>
    </div>
    <div
      class="keyRow"
    >
      <button
        class="grayKey"
      >
        A
      </button>
      <button
        class="grayKey"
      >
        S
      </button>
      <button
        class="grayKey"
      >
        D
      </button>
      <button
        class="grayKey"
      >
        F
      </button>
      <button
        class="grayKey"
      >
        G
      </button>
      <button
        class="grayKey"
      >
        H
      </button>
      <button
        class="grayKey"
      >
        J
      </button>
      <button
        class="grayKey"
      >
        K
      </button>
      <button
        class="grayKey"
      >
        L
      </button>
    </div>
    <div
      class="keyRow"
    >
      <button
        class="grayKey"
      >
        Z
      </button>
      <button
        class="grayKey"
      >
        X
      </button>
      <button
        class="grayKey"
      >
        C
      </button>
      <button
        class="grayKey"
      >
        V
      </button>
      <button
        class="grayKey"
      >
        B
      </button>
      <button
        class="grayKey"
      >
        N
      </button>
      <button
        class="grayKey"
      >
        M
      </button>
    </div>
  </div>
  <footer>
    A 312 project | Authors: Team Frogfish Hannah, Addison, Wright, Hayden, Lucas, Jared, and Lizzie
     
  </footer>
</div>
`;
